// Jest Snapshot v1, https://goo.gl/fbAQLP

exports[`Schema can make one 1`] = `
Object {
  "attributes": null,
  "description": null,
  "edition": null,
  "external_url": null,
  "id": null,
  "image": null,
  "name": null,
  "numericAttributes": null,
  "properties": null,
  "tokenId": null,
}
`;

exports[`Schema no schema 1`] = `
Array [
  Object {
    "colors": null,
    "contractAddress": "0x1",
    "display_type": null,
    "numeric_value": null,
    "string_value": "Black",
    "tokenId": "1",
    "trait_type": "Skin",
  },
  Object {
    "colors": null,
    "contractAddress": "0x1",
    "display_type": null,
    "numeric_value": null,
    "string_value": "Purple",
    "tokenId": "1",
    "trait_type": "Background",
  },
  Object {
    "colors": null,
    "contractAddress": "0x1",
    "display_type": null,
    "numeric_value": null,
    "string_value": "Pokerface",
    "tokenId": "1",
    "trait_type": "Face Expression",
  },
  Object {
    "colors": null,
    "contractAddress": "0x1",
    "display_type": null,
    "numeric_value": null,
    "string_value": "Stylish",
    "tokenId": "1",
    "trait_type": "Eyebrows",
  },
  Object {
    "colors": null,
    "contractAddress": "0x1",
    "display_type": null,
    "numeric_value": null,
    "string_value": "Blue",
    "tokenId": "1",
    "trait_type": "Eyes",
  },
  Object {
    "colors": null,
    "contractAddress": "0x1",
    "display_type": null,
    "numeric_value": null,
    "string_value": "Rose",
    "tokenId": "1",
    "trait_type": "Body",
  },
  Object {
    "colors": null,
    "contractAddress": "0x1",
    "display_type": null,
    "numeric_value": null,
    "string_value": "Orange Sexy Dress",
    "tokenId": "1",
    "trait_type": "Clothes",
  },
  Object {
    "colors": null,
    "contractAddress": "0x1",
    "display_type": null,
    "numeric_value": null,
    "string_value": "Lv",
    "tokenId": "1",
    "trait_type": "Glasses",
  },
  Object {
    "colors": null,
    "contractAddress": "0x1",
    "display_type": null,
    "numeric_value": null,
    "string_value": "Pink Italy",
    "tokenId": "1",
    "trait_type": "Hair",
  },
  Object {
    "colors": null,
    "contractAddress": "0x1",
    "display_type": null,
    "numeric_value": null,
    "string_value": "Green",
    "tokenId": "1",
    "trait_type": "Ear Ring",
  },
  Object {
    "colors": null,
    "contractAddress": "0x1",
    "display_type": null,
    "numeric_value": null,
    "string_value": "Nimbus",
    "tokenId": "1",
    "trait_type": "Head",
  },
  Object {
    "colors": null,
    "contractAddress": "0x1",
    "display_type": null,
    "numeric_value": null,
    "string_value": "true",
    "tokenId": "1",
    "trait_type": "Wrapped",
  },
  Object {
    "colors": null,
    "contractAddress": "0x1",
    "display_type": null,
    "numeric_value": 4042,
    "string_value": null,
    "tokenId": "1",
    "trait_type": "OG Rank",
  },
]
`;

exports[`Schema vector from schema 1`] = `
Array [
  Object {
    "colors": null,
    "contractAddress": "0x1",
    "display_type": null,
    "numeric_value": null,
    "string_value": "Black",
    "tokenId": "1",
    "trait_type": "Skin",
  },
  Object {
    "colors": null,
    "contractAddress": "0x1",
    "display_type": null,
    "numeric_value": null,
    "string_value": "Purple",
    "tokenId": "1",
    "trait_type": "Background",
  },
  Object {
    "colors": null,
    "contractAddress": "0x1",
    "display_type": null,
    "numeric_value": null,
    "string_value": "Pokerface",
    "tokenId": "1",
    "trait_type": "Face Expression",
  },
  Object {
    "colors": null,
    "contractAddress": "0x1",
    "display_type": null,
    "numeric_value": null,
    "string_value": "Stylish",
    "tokenId": "1",
    "trait_type": "Eyebrows",
  },
  Object {
    "colors": null,
    "contractAddress": "0x1",
    "display_type": null,
    "numeric_value": null,
    "string_value": "Blue",
    "tokenId": "1",
    "trait_type": "Eyes",
  },
  Object {
    "colors": null,
    "contractAddress": "0x1",
    "display_type": null,
    "numeric_value": null,
    "string_value": "Rose",
    "tokenId": "1",
    "trait_type": "Body",
  },
  Object {
    "colors": null,
    "contractAddress": "0x1",
    "display_type": null,
    "numeric_value": null,
    "string_value": "Orange Sexy Dress",
    "tokenId": "1",
    "trait_type": "Clothes",
  },
  Object {
    "colors": null,
    "contractAddress": "0x1",
    "display_type": null,
    "numeric_value": null,
    "string_value": "Lv",
    "tokenId": "1",
    "trait_type": "Glasses",
  },
  Object {
    "colors": null,
    "contractAddress": "0x1",
    "display_type": null,
    "numeric_value": null,
    "string_value": "Pink Italy",
    "tokenId": "1",
    "trait_type": "Hair",
  },
  Object {
    "colors": null,
    "contractAddress": "0x1",
    "display_type": null,
    "numeric_value": null,
    "string_value": "Green",
    "tokenId": "1",
    "trait_type": "Ear Ring",
  },
  Object {
    "colors": null,
    "contractAddress": "0x1",
    "display_type": null,
    "numeric_value": null,
    "string_value": "Nimbus",
    "tokenId": "1",
    "trait_type": "Head",
  },
  Object {
    "colors": null,
    "contractAddress": "0x1",
    "display_type": null,
    "numeric_value": null,
    "string_value": "true",
    "tokenId": "1",
    "trait_type": "Wrapped",
  },
  Object {
    "colors": null,
    "contractAddress": "0x1",
    "display_type": null,
    "numeric_value": 4042,
    "string_value": null,
    "tokenId": "1",
    "trait_type": "OG Rank",
  },
]
`;
